// Jest Snapshot v1, https://goo.gl/fbAQLP

exports[`renders correctly 1`] = `
<View
  style={
    {
      "backgroundColor": "#2D3154",
      "height": 1,
      "marginHorizontal": 16,
    }
  }
/>
`;
